// Jest Snapshot v1, https://goo.gl/fbAQLP

exports[`should render Header correctly 1`] = `
<header>
  <h1>
    Expensify
  </h1>
  <NavLink
    activeClassName="is-active"
    ariaCurrent="true"
    exact={true}
    to="/"
  >
    To home page
  </NavLink>
  ;
  <NavLink
    activeClassName="is-active"
    ariaCurrent="true"
    to="/create"
  >
    To create page
  </NavLink>
  ;
  <NavLink
    activeClassName="is-active"
    ariaCurrent="true"
    to="/edit"
  >
    To edit page
  </NavLink>
  ;
  <NavLink
    activeClassName="is-active"
    ariaCurrent="true"
    to="/help"
  >
    To help  page
  </NavLink>
  ;
</header>
`;
